This is npTeX, Version 3.141592653-2.6-0.999995-0.0000 (TeX Live 2024) (preloaded format=nplatex 2023.8.27)  27 AUG 2023 15:34
entering extended mode
 restricted \write18 enabled.
 %&-line parsing enabled.
**\relax
LaTeX Font Info:    Font shape `JY2/mc/m/n' will be
(Font)              scaled to size 9.6222pt on input line 0.

*
! Interruption.
<*> 
    
? x
 
Here is how much of TeX's memory you used:
 17 strings out of 475278
 386 string characters out of 5765817
 1911813 words of memory out of 5000000
 21642 multiletter control sequences out of 15000+600000
 563661 words of font info for 56 fonts, out of 8000000 for 9000
 1348 hyphenation exceptions out of 8191
 14i,0n,23p,40b,46s stack positions out of 10000i,1000n,20000p,200000b,200000s
No pages of output.
